Flow report for uart_loopback_wrapper
Sun Sep 13 23:01:15 2026
Quartus Prime Version 18.1.0 Build 625 09/12/2018 SJ Lite Edition


---------------------
; Table of Contents ;
---------------------
  1. Legal Notice
  2. Flow Summary
  3. Flow Settings
  4. Flow Non-Default Global Settings
  5. Flow Elapsed Time
  6. Flow OS Summary
  7. Flow Log
  8. Flow Messages
  9. Flow Suppressed Messages



----------------
; Legal Notice ;
----------------
Copyright (C) 2018  Intel Corporation. All rights reserved.
Your use of Intel Corporation's design tools, logic functions 
and other software and tools, and its AMPP partner logic 
functions, and any output files from any of the foregoing 
(including device programming or simulation files), and any 
associated documentation or information are expressly subject 
to the terms and conditions of the Intel Program License 
Subscription Agreement, the Intel Quartus Prime License Agreement,
the Intel FPGA IP License Agreement, or other applicable license
agreement, including, without limitation, that your use is for
the sole purpose of programming logic devices manufactured by
Intel and sold by Intel or its authorized distributors.  Please
refer to the applicable agreement for further details.



+----------------------------------------------------------------------------------+
; Flow Summary                                                                     ;
+------------------------------------+---------------------------------------------+
; Flow Status                        ; Successful - Sun Sep 13 23:00:07 2026       ;
; Quartus Prime Version              ; 18.1.0 Build 625 09/12/2018 SJ Lite Edition ;
; Revision Name                      ; uart_loopback_wrapper                       ;
; Top-level Entity Name              ; top                                         ;
; Family                             ; MAX 10                                      ;
; Device                             ; 10M50DAF484C7G                              ;
; Timing Models                      ; Final                                       ;
; Total logic elements               ; 816 / 49,760 ( 2 % )                        ;
;     Total combinational functions  ; 553 / 49,760 ( 1 % )                        ;
;     Dedicated logic registers      ; 606 / 49,760 ( 1 % )                        ;
; Total registers                    ; 606                                         ;
; Total pins                         ; 7 / 360 ( 2 % )                             ;
; Total virtual pins                 ; 0                                           ;
; Total memory bits                  ; 13,312 / 1,677,312 ( < 1 % )                ;
; Embedded Multiplier 9-bit elements ; 0 / 288 ( 0 % )                             ;
; Total PLLs                         ; 1 / 4 ( 25 % )                              ;
; UFM blocks                         ; 0 / 1 ( 0 % )                               ;
; ADC blocks                         ; 0 / 2 ( 0 % )                               ;
+------------------------------------+---------------------------------------------+


+-------------------------------------------+
; Flow Settings                             ;
+-------------------+-----------------------+
; Option            ; Setting               ;
+-------------------+-----------------------+
; Start date & time ; 09/13/2026 22:52:39   ;
; Main task         ; Compilation           ;
; Revision Name     ; uart_loopback_wrapper ;
+-------------------+-----------------------+


+--------------------------------------------------------------------------------------------------------------------------------------------------------------------------------------------+
; Flow Non-Default Global Settings                                                                                                                                                           ;
+-------------------------------------+---------------------------------------------------------------------------------------------+-----------------------+-------------+------------------+
; Assignment Name                     ; Value                                                                                       ; Default Value         ; Entity Name ; Section Id       ;
+-------------------------------------+---------------------------------------------------------------------------------------------+-----------------------+-------------+------------------+
; COMPILER_SIGNATURE_ID               ; 137118556675858.178932915905552                                                             ; --                    ; --          ; --               ;
; ENABLE_SIGNALTAP                    ; On                                                                                          ; --                    ; --          ; --               ;
; MAX_CORE_JUNCTION_TEMP              ; 85                                                                                          ; --                    ; --          ; --               ;
; MIN_CORE_JUNCTION_TEMP              ; 0                                                                                           ; --                    ; --          ; --               ;
; MISC_FILE                           ; MY_PLL_bb.v                                                                                 ; --                    ; --          ; --               ;
; MISC_FILE                           ; MY_PLL.ppf                                                                                  ; --                    ; --          ; --               ;
; PARTITION_COLOR                     ; -- (Not supported for targeted family)                                                      ; --                    ; top         ; Top              ;
; PARTITION_FITTER_PRESERVATION_LEVEL ; -- (Not supported for targeted family)                                                      ; --                    ; top         ; Top              ;
; PARTITION_NETLIST_TYPE              ; -- (Not supported for targeted family)                                                      ; --                    ; top         ; Top              ;
; POWER_BOARD_THERMAL_MODEL           ; None (CONSERVATIVE)                                                                         ; --                    ; --          ; --               ;
; POWER_PRESET_COOLING_SOLUTION       ; 23 MM HEAT SINK WITH 200 LFPM AIRFLOW                                                       ; --                    ; --          ; --               ;
; PROJECT_OUTPUT_DIRECTORY            ; output_files                                                                                ; --                    ; --          ; --               ;
; SLD_FILE                            ; db/stp1_auto_stripped.stp                                                                   ; --                    ; --          ; --               ;
; SLD_NODE_CREATOR_ID                 ; 110                                                                                         ; --                    ; --          ; auto_signaltap_0 ;
; SLD_NODE_ENTITY_NAME                ; sld_signaltap                                                                               ; --                    ; --          ; auto_signaltap_0 ;
; SLD_NODE_PARAMETER_ASSIGNMENT       ; SLD_RAM_BLOCK_TYPE=AUTO                                                                     ; --                    ; --          ; auto_signaltap_0 ;
; SLD_NODE_PARAMETER_ASSIGNMENT       ; SLD_DATA_BITS=13                                                                            ; --                    ; --          ; auto_signaltap_0 ;
; SLD_NODE_PARAMETER_ASSIGNMENT       ; SLD_TRIGGER_BITS=13                                                                         ; --                    ; --          ; auto_signaltap_0 ;
; SLD_NODE_PARAMETER_ASSIGNMENT       ; SLD_STORAGE_QUALIFIER_BITS=13                                                               ; --                    ; --          ; auto_signaltap_0 ;
; SLD_NODE_PARAMETER_ASSIGNMENT       ; SLD_NODE_INFO=805334528                                                                     ; --                    ; --          ; auto_signaltap_0 ;
; SLD_NODE_PARAMETER_ASSIGNMENT       ; SLD_POWER_UP_TRIGGER=0                                                                      ; --                    ; --          ; auto_signaltap_0 ;
; SLD_NODE_PARAMETER_ASSIGNMENT       ; SLD_INVERSION_MASK=00000000000000000000000000000000000000000000000000000                    ; --                    ; --          ; auto_signaltap_0 ;
; SLD_NODE_PARAMETER_ASSIGNMENT       ; SLD_INVERSION_MASK_LENGTH=53                                                                ; --                    ; --          ; auto_signaltap_0 ;
; SLD_NODE_PARAMETER_ASSIGNMENT       ; SLD_STORAGE_QUALIFIER_INVERSION_MASK_LENGTH=0                                               ; --                    ; --          ; auto_signaltap_0 ;
; SLD_NODE_PARAMETER_ASSIGNMENT       ; SLD_SEGMENT_SIZE=1024                                                                       ; --                    ; --          ; auto_signaltap_0 ;
; SLD_NODE_PARAMETER_ASSIGNMENT       ; SLD_ATTRIBUTE_MEM_MODE=OFF                                                                  ; --                    ; --          ; auto_signaltap_0 ;
; SLD_NODE_PARAMETER_ASSIGNMENT       ; SLD_STATE_FLOW_USE_GENERATED=1                                                              ; --                    ; --          ; auto_signaltap_0 ;
; SLD_NODE_PARAMETER_ASSIGNMENT       ; SLD_STATE_BITS=2                                                                            ; --                    ; --          ; auto_signaltap_0 ;
; SLD_NODE_PARAMETER_ASSIGNMENT       ; SLD_STATE_FLOW_MGR_ENTITY=sld_reserved_uart_loopback_wrapper_auto_signaltap_0_flow_mgr_c90c ; --                    ; --          ; auto_signaltap_0 ;
; SLD_NODE_PARAMETER_ASSIGNMENT       ; SLD_BUFFER_FULL_STOP=0                                                                      ; --                    ; --          ; auto_signaltap_0 ;
; SLD_NODE_PARAMETER_ASSIGNMENT       ; SLD_CURRENT_RESOURCE_WIDTH=0                                                                ; --                    ; --          ; auto_signaltap_0 ;
; SLD_NODE_PARAMETER_ASSIGNMENT       ; SLD_INCREMENTAL_ROUTING=1                                                                   ; --                    ; --          ; auto_signaltap_0 ;
; SLD_NODE_PARAMETER_ASSIGNMENT       ; SLD_TRIGGER_LEVEL=1                                                                         ; --                    ; --          ; auto_signaltap_0 ;
; SLD_NODE_PARAMETER_ASSIGNMENT       ; SLD_SAMPLE_DEPTH=1024                                                                       ; --                    ; --          ; auto_signaltap_0 ;
; SLD_NODE_PARAMETER_ASSIGNMENT       ; SLD_TRIGGER_IN_ENABLED=0                                                                    ; --                    ; --          ; auto_signaltap_0 ;
; SLD_NODE_PARAMETER_ASSIGNMENT       ; SLD_TRIGGER_PIPELINE=0                                                                      ; --                    ; --          ; auto_signaltap_0 ;
; SLD_NODE_PARAMETER_ASSIGNMENT       ; SLD_RAM_PIPELINE=0                                                                          ; --                    ; --          ; auto_signaltap_0 ;
; SLD_NODE_PARAMETER_ASSIGNMENT       ; SLD_COUNTER_PIPELINE=0                                                                      ; --                    ; --          ; auto_signaltap_0 ;
; SLD_NODE_PARAMETER_ASSIGNMENT       ; SLD_ADVANCED_TRIGGER_ENTITY=basic,1,                                                        ; --                    ; --          ; auto_signaltap_0 ;
; SLD_NODE_PARAMETER_ASSIGNMENT       ; SLD_TRIGGER_LEVEL_PIPELINE=1                                                                ; --                    ; --          ; auto_signaltap_0 ;
; SLD_NODE_PARAMETER_ASSIGNMENT       ; SLD_ENABLE_ADVANCED_TRIGGER=0                                                               ; --                    ; --          ; auto_signaltap_0 ;
; TOP_LEVEL_ENTITY                    ; top                                                                                         ; uart_loopback_wrapper ; --          ; --               ;
; USE_SIGNALTAP_FILE                  ; stp1.stp                                                                                    ; --                    ; --          ; --               ;
+-------------------------------------+---------------------------------------------------------------------------------------------+-----------------------+-------------+------------------+


+--------------------------------------------------------------------------------------------------------------------------+
; Flow Elapsed Time                                                                                                        ;
+----------------------+--------------+-------------------------+---------------------+------------------------------------+
; Module Name          ; Elapsed Time ; Average Processors Used ; Peak Virtual Memory ; Total CPU Time (on all processors) ;
+----------------------+--------------+-------------------------+---------------------+------------------------------------+
; Analysis & Synthesis ; 00:04:42     ; 1.0                     ; 4944 MB             ; 00:06:53                           ;
; Fitter               ; 00:02:00     ; 1.2                     ; 6496 MB             ; 00:03:22                           ;
; Assembler            ; 00:01:33     ; 1.0                     ; 4739 MB             ; 00:01:32                           ;
; Timing Analyzer      ; 00:01:07     ; 1.4                     ; 5001 MB             ; 00:01:07                           ;
; Total                ; 00:09:22     ; --                      ; --                  ; 00:12:54                           ;
+----------------------+--------------+-------------------------+---------------------+------------------------------------+


+------------------------------------------------------------------------------------+
; Flow OS Summary                                                                    ;
+----------------------+------------------+------------+------------+----------------+
; Module Name          ; Machine Hostname ; OS Name    ; OS Version ; Processor type ;
+----------------------+------------------+------------+------------+----------------+
; Analysis & Synthesis ; DESKTOP-89GQAFN  ; Windows 10 ; 10.0       ; x86_64         ;
; Fitter               ; DESKTOP-89GQAFN  ; Windows 10 ; 10.0       ; x86_64         ;
; Assembler            ; DESKTOP-89GQAFN  ; Windows 10 ; 10.0       ; x86_64         ;
; Timing Analyzer      ; DESKTOP-89GQAFN  ; Windows 10 ; 10.0       ; x86_64         ;
+----------------------+------------------+------------+------------+----------------+


------------
; Flow Log ;
------------
quartus_map --read_settings_files=on --write_settings_files=off uart_loopback_wrapper -c uart_loopback_wrapper
quartus_fit --read_settings_files=off --write_settings_files=off uart_loopback_wrapper -c uart_loopback_wrapper
quartus_asm --read_settings_files=off --write_settings_files=off uart_loopback_wrapper -c uart_loopback_wrapper
quartus_sta uart_loopback_wrapper -c uart_loopback_wrapper



